// Jest Snapshot v1, https://goo.gl/fbAQLP

exports[`renders Home component without crashing 1`] = `
Object {
  "asFragment": [Function],
  "baseElement": <body>
    <div>
      <div
        class="max-w-44 lg:max-w-96 flex items-center justify-center"
      >
        <div
          class="relative lg:container md:mx-auto lg:p-4 m-0 lg:m-4  mt-2 md:mt-12   flex-col items-center justify-center flex"
        >
          <button
            class="absolute left-0 top-0 bg-blue-300 hover:bg-blue-400 text-white font-bold py-2 px-4 rounded transform scale-x-[-1]"
          >
            <svg
              aria-hidden="true"
              class="w-5 h-5"
              fill="none"
              viewBox="0 0 14 10"
              xmlns="http://www.w3.org/2000/svg"
            >
              <path
                d="M1 5h12m0 0L9 1m4 4L9 9"
                stroke="currentColor"
                stroke-linecap="round"
                stroke-linejoin="round"
                stroke-width="2"
              />
            </svg>
          </button>
          <div
            class="inline-block h-8 w-8 animate-spin rounded-full border-4 border-solid border-current border-r-transparent align-[-0.125em] text-primary motion-reduce:animate-[spin_1.5s_linear_infinite]"
            role="status"
          >
            <span
              class="!absolute !-m-px !h-px !w-px !overflow-hidden !whitespace-nowrap !border-0 !p-0 ![clip:rect(0,0,0,0)]"
            >
              Loading...
            </span>
          </div>
          <div
            class="inline-block h-8 w-8 animate-spin rounded-full border-4 border-solid border-current border-r-transparent align-[-0.125em] text-primary motion-reduce:animate-[spin_1.5s_linear_infinite]"
            role="status"
          >
            <span
              class="!absolute !-m-px !h-px !w-px !overflow-hidden !whitespace-nowrap !border-0 !p-0 ![clip:rect(0,0,0,0)]"
            >
              Loading...
            </span>
          </div>
        </div>
      </div>
    </div>
  </body>,
  "container": <div>
    <div
      class="max-w-44 lg:max-w-96 flex items-center justify-center"
    >
      <div
        class="relative lg:container md:mx-auto lg:p-4 m-0 lg:m-4  mt-2 md:mt-12   flex-col items-center justify-center flex"
      >
        <button
          class="absolute left-0 top-0 bg-blue-300 hover:bg-blue-400 text-white font-bold py-2 px-4 rounded transform scale-x-[-1]"
        >
          <svg
            aria-hidden="true"
            class="w-5 h-5"
            fill="none"
            viewBox="0 0 14 10"
            xmlns="http://www.w3.org/2000/svg"
          >
            <path
              d="M1 5h12m0 0L9 1m4 4L9 9"
              stroke="currentColor"
              stroke-linecap="round"
              stroke-linejoin="round"
              stroke-width="2"
            />
          </svg>
        </button>
        <div
          class="inline-block h-8 w-8 animate-spin rounded-full border-4 border-solid border-current border-r-transparent align-[-0.125em] text-primary motion-reduce:animate-[spin_1.5s_linear_infinite]"
          role="status"
        >
          <span
            class="!absolute !-m-px !h-px !w-px !overflow-hidden !whitespace-nowrap !border-0 !p-0 ![clip:rect(0,0,0,0)]"
          >
            Loading...
          </span>
        </div>
        <div
          class="inline-block h-8 w-8 animate-spin rounded-full border-4 border-solid border-current border-r-transparent align-[-0.125em] text-primary motion-reduce:animate-[spin_1.5s_linear_infinite]"
          role="status"
        >
          <span
            class="!absolute !-m-px !h-px !w-px !overflow-hidden !whitespace-nowrap !border-0 !p-0 ![clip:rect(0,0,0,0)]"
          >
            Loading...
          </span>
        </div>
      </div>
    </div>
  </div>,
  "debug": [Function],
  "findAllByAltText": [Function],
  "findAllByDisplayValue": [Function],
  "findAllByLabelText": [Function],
  "findAllByPlaceholderText": [Function],
  "findAllByRole": [Function],
  "findAllByTestId": [Function],
  "findAllByText": [Function],
  "findAllByTitle": [Function],
  "findByAltText": [Function],
  "findByDisplayValue": [Function],
  "findByLabelText": [Function],
  "findByPlaceholderText": [Function],
  "findByRole": [Function],
  "findByTestId": [Function],
  "findByText": [Function],
  "findByTitle": [Function],
  "getAllByAltText": [Function],
  "getAllByDisplayValue": [Function],
  "getAllByLabelText": [Function],
  "getAllByPlaceholderText": [Function],
  "getAllByRole": [Function],
  "getAllByTestId": [Function],
  "getAllByText": [Function],
  "getAllByTitle": [Function],
  "getByAltText": [Function],
  "getByDisplayValue": [Function],
  "getByLabelText": [Function],
  "getByPlaceholderText": [Function],
  "getByRole": [Function],
  "getByTestId": [Function],
  "getByText": [Function],
  "getByTitle": [Function],
  "queryAllByAltText": [Function],
  "queryAllByDisplayValue": [Function],
  "queryAllByLabelText": [Function],
  "queryAllByPlaceholderText": [Function],
  "queryAllByRole": [Function],
  "queryAllByTestId": [Function],
  "queryAllByText": [Function],
  "queryAllByTitle": [Function],
  "queryByAltText": [Function],
  "queryByDisplayValue": [Function],
  "queryByLabelText": [Function],
  "queryByPlaceholderText": [Function],
  "queryByRole": [Function],
  "queryByTestId": [Function],
  "queryByText": [Function],
  "queryByTitle": [Function],
  "rerender": [Function],
  "unmount": [Function],
}
`;
